Archive member included to satisfy reference by file (symbol)

c:/program files (x86)/atmel/studio/7.0/toolchain/avr8/avr8-gnu-toolchain/bin/../lib/gcc/avr/5.4.0/avr5\libgcc.a(_divmodhi4.o)
                              MCAL/pwm_normal_mode/pwm_normal.o (__divmodhi4)
c:/program files (x86)/atmel/studio/7.0/toolchain/avr8/avr8-gnu-toolchain/bin/../lib/gcc/avr/5.4.0/avr5\libgcc.a(_exit.o)
                              C:/Program Files (x86)/Atmel/Studio/7.0/Packs/atmel/ATmega_DFP/1.7.374/gcc/dev/atmega32a/avr5/crtatmega32a.o (exit)
c:/program files (x86)/atmel/studio/7.0/toolchain/avr8/avr8-gnu-toolchain/bin/../lib/gcc/avr/5.4.0/avr5\libgcc.a(_copy_data.o)
                              APP/app.o (__do_copy_data)
c:/program files (x86)/atmel/studio/7.0/toolchain/avr8/avr8-gnu-toolchain/bin/../lib/gcc/avr/5.4.0/avr5\libgcc.a(_clear_bss.o)
                              APP/app.o (__do_clear_bss)
c:/program files (x86)/atmel/studio/7.0/toolchain/avr8/avr8-gnu-toolchain/bin/../lib/gcc/avr/5.4.0/avr5\libgcc.a(_udivmodhi4.o)
                              c:/program files (x86)/atmel/studio/7.0/toolchain/avr8/avr8-gnu-toolchain/bin/../lib/gcc/avr/5.4.0/avr5\libgcc.a(_divmodhi4.o) (__udivmodhi4)

Allocating common symbols
Common symbol       size              file

u8_g_state          0x1               APP/app.o

Discarded input sections

 .data          0x00000000        0x0 C:/Program Files (x86)/Atmel/Studio/7.0/Packs/atmel/ATmega_DFP/1.7.374/gcc/dev/atmega32a/avr5/crtatmega32a.o
 .bss           0x00000000        0x0 C:/Program Files (x86)/Atmel/Studio/7.0/Packs/atmel/ATmega_DFP/1.7.374/gcc/dev/atmega32a/avr5/crtatmega32a.o
 .group         0x00000000        0x8 APP/app.o
 .group         0x00000000        0x8 APP/app.o
 .group         0x00000000        0x8 APP/app.o
 .group         0x00000000        0x8 APP/app.o
 .group         0x00000000        0x8 APP/app.o
 .group         0x00000000        0x8 APP/app.o
 .group         0x00000000        0x8 APP/app.o
 .group         0x00000000        0x8 APP/app.o
 .group         0x00000000        0x8 APP/app.o
 .group         0x00000000        0x8 APP/app.o
 .text          0x00000000        0x0 APP/app.o
 .data          0x00000000        0x0 APP/app.o
 .bss           0x00000000        0x0 APP/app.o
 .group         0x00000000        0x8 ECUAL/button/pb_prog.o
 .group         0x00000000        0x8 ECUAL/button/pb_prog.o
 .group         0x00000000        0x8 ECUAL/button/pb_prog.o
 .group         0x00000000        0x8 ECUAL/button/pb_prog.o
 .group         0x00000000        0x8 ECUAL/button/pb_prog.o
 .group         0x00000000        0x8 ECUAL/button/pb_prog.o
 .group         0x00000000        0x8 ECUAL/button/pb_prog.o
 .group         0x00000000        0x8 ECUAL/button/pb_prog.o
 .group         0x00000000        0x8 ECUAL/button/pb_prog.o
 .text          0x00000000        0x0 ECUAL/button/pb_prog.o
 .data          0x00000000        0x0 ECUAL/button/pb_prog.o
 .bss           0x00000000        0x0 ECUAL/button/pb_prog.o
 .text.HPushButton_getValue
                0x00000000       0x68 ECUAL/button/pb_prog.o
 .debug_macro   0x00000000      0xa4e ECUAL/button/pb_prog.o
 .debug_macro   0x00000000       0x82 ECUAL/button/pb_prog.o
 .debug_macro   0x00000000       0x2e ECUAL/button/pb_prog.o
 .group         0x00000000        0x8 ECUAL/h_ext_int/h_ext_int.o
 .group         0x00000000        0x8 ECUAL/h_ext_int/h_ext_int.o
 .group         0x00000000        0x8 ECUAL/h_ext_int/h_ext_int.o
 .group         0x00000000        0x8 ECUAL/h_ext_int/h_ext_int.o
 .group         0x00000000        0x8 ECUAL/h_ext_int/h_ext_int.o
 .text          0x00000000        0x0 ECUAL/h_ext_int/h_ext_int.o
 .data          0x00000000        0x0 ECUAL/h_ext_int/h_ext_int.o
 .bss           0x00000000        0x0 ECUAL/h_ext_int/h_ext_int.o
 .debug_macro   0x00000000      0xa4e ECUAL/h_ext_int/h_ext_int.o
 .debug_macro   0x00000000       0x94 ECUAL/h_ext_int/h_ext_int.o
 .debug_macro   0x00000000       0x22 ECUAL/h_ext_int/h_ext_int.o
 .debug_macro   0x00000000       0x16 ECUAL/h_ext_int/h_ext_int.o
 .debug_macro   0x00000000       0x58 ECUAL/h_ext_int/h_ext_int.o
 .group         0x00000000        0x8 ECUAL/h_pwm_normal/h_pwm_normal.o
 .group         0x00000000        0x8 ECUAL/h_pwm_normal/h_pwm_normal.o
 .group         0x00000000        0x8 ECUAL/h_pwm_normal/h_pwm_normal.o
 .group         0x00000000        0x8 ECUAL/h_pwm_normal/h_pwm_normal.o
 .group         0x00000000        0x8 ECUAL/h_pwm_normal/h_pwm_normal.o
 .group         0x00000000        0x8 ECUAL/h_pwm_normal/h_pwm_normal.o
 .text          0x00000000        0x0 ECUAL/h_pwm_normal/h_pwm_normal.o
 .data          0x00000000        0x0 ECUAL/h_pwm_normal/h_pwm_normal.o
 .bss           0x00000000        0x0 ECUAL/h_pwm_normal/h_pwm_normal.o
 .text.H_PWM_NORMAL_stop
                0x00000000        0x6 ECUAL/h_pwm_normal/h_pwm_normal.o
 .debug_macro   0x00000000      0xa4e ECUAL/h_pwm_normal/h_pwm_normal.o
 .debug_macro   0x00000000       0x94 ECUAL/h_pwm_normal/h_pwm_normal.o
 .debug_macro   0x00000000       0x16 ECUAL/h_pwm_normal/h_pwm_normal.o
 .debug_macro   0x00000000       0x22 ECUAL/h_pwm_normal/h_pwm_normal.o
 .debug_macro   0x00000000       0x82 ECUAL/h_pwm_normal/h_pwm_normal.o
 .debug_macro   0x00000000       0x64 ECUAL/h_pwm_normal/h_pwm_normal.o
 .group         0x00000000        0x8 ECUAL/led/led_prog.o
 .group         0x00000000        0x8 ECUAL/led/led_prog.o
 .group         0x00000000        0x8 ECUAL/led/led_prog.o
 .group         0x00000000        0x8 ECUAL/led/led_prog.o
 .group         0x00000000        0x8 ECUAL/led/led_prog.o
 .text          0x00000000        0x0 ECUAL/led/led_prog.o
 .data          0x00000000        0x0 ECUAL/led/led_prog.o
 .bss           0x00000000        0x0 ECUAL/led/led_prog.o
 .debug_macro   0x00000000      0xa4e ECUAL/led/led_prog.o
 .debug_macro   0x00000000       0x16 ECUAL/led/led_prog.o
 .debug_macro   0x00000000       0x22 ECUAL/led/led_prog.o
 .debug_macro   0x00000000       0x82 ECUAL/led/led_prog.o
 .debug_macro   0x00000000       0x2e ECUAL/led/led_prog.o
 .group         0x00000000        0x8 ECUAL/motor/motor.o
 .group         0x00000000        0x8 ECUAL/motor/motor.o
 .group         0x00000000        0x8 ECUAL/motor/motor.o
 .group         0x00000000        0x8 ECUAL/motor/motor.o
 .group         0x00000000        0x8 ECUAL/motor/motor.o
 .text          0x00000000        0x0 ECUAL/motor/motor.o
 .data          0x00000000        0x0 ECUAL/motor/motor.o
 .bss           0x00000000        0x0 ECUAL/motor/motor.o
 .debug_macro   0x00000000      0xa4e ECUAL/motor/motor.o
 .debug_macro   0x00000000       0x16 ECUAL/motor/motor.o
 .debug_macro   0x00000000       0x22 ECUAL/motor/motor.o
 .debug_macro   0x00000000       0x82 ECUAL/motor/motor.o
 .debug_macro   0x00000000       0x46 ECUAL/motor/motor.o
 .group         0x00000000        0x8 main.o
 .group         0x00000000        0x8 main.o
 .group         0x00000000        0x8 main.o
 .group         0x00000000        0x8 main.o
 .group         0x00000000        0x8 main.o
 .group         0x00000000        0x8 main.o
 .group         0x00000000        0x8 main.o
 .group         0x00000000        0x8 main.o
 .group         0x00000000        0x8 main.o
 .group         0x00000000        0x8 main.o
 .text          0x00000000        0x0 main.o
 .data          0x00000000        0x0 main.o
 .bss           0x00000000        0x0 main.o
 .debug_macro   0x00000000      0xa4e main.o
 .debug_macro   0x00000000       0x94 main.o
 .debug_macro   0x00000000       0x16 main.o
 .debug_macro   0x00000000       0x22 main.o
 .debug_macro   0x00000000       0x82 main.o
 .debug_macro   0x00000000       0x64 main.o
 .debug_macro   0x00000000       0x58 main.o
 .debug_macro   0x00000000       0x2e main.o
 .debug_macro   0x00000000       0x2e main.o
 .debug_macro   0x00000000       0x46 main.o
 .group         0x00000000        0x8 MCAL/dio/dio_prog.o
 .group         0x00000000        0x8 MCAL/dio/dio_prog.o
 .group         0x00000000        0x8 MCAL/dio/dio_prog.o
 .group         0x00000000        0x8 MCAL/dio/dio_prog.o
 .group         0x00000000        0x8 MCAL/dio/dio_prog.o
 .text          0x00000000        0x0 MCAL/dio/dio_prog.o
 .data          0x00000000        0x0 MCAL/dio/dio_prog.o
 .bss           0x00000000        0x0 MCAL/dio/dio_prog.o
 .text.MDIO_u8GetPinValue
                0x00000000       0x5c MCAL/dio/dio_prog.o
 .text.MDIO_voidTogglePinValue
                0x00000000       0x68 MCAL/dio/dio_prog.o
 .text.MDIO_voidSetPortDirection
                0x00000000       0x20 MCAL/dio/dio_prog.o
 .text.MDIO_voidSetPortValue
                0x00000000       0x20 MCAL/dio/dio_prog.o
 .text.MDIO_u8GetPortValue
                0x00000000       0x24 MCAL/dio/dio_prog.o
 .debug_macro   0x00000000      0xa4e MCAL/dio/dio_prog.o
 .debug_macro   0x00000000       0x16 MCAL/dio/dio_prog.o
 .debug_macro   0x00000000       0x22 MCAL/dio/dio_prog.o
 .debug_macro   0x00000000       0x82 MCAL/dio/dio_prog.o
 .group         0x00000000        0x8 MCAL/extint/extinterrupt.o
 .group         0x00000000        0x8 MCAL/extint/extinterrupt.o
 .group         0x00000000        0x8 MCAL/extint/extinterrupt.o
 .group         0x00000000        0x8 MCAL/extint/extinterrupt.o
 .group         0x00000000        0x8 MCAL/extint/extinterrupt.o
 .text          0x00000000        0x0 MCAL/extint/extinterrupt.o
 .data          0x00000000        0x0 MCAL/extint/extinterrupt.o
 .bss           0x00000000        0x0 MCAL/extint/extinterrupt.o
 .text.SET_GLOBAL_INTERRUPT
                0x00000000       0x16 MCAL/extint/extinterrupt.o
 .debug_macro   0x00000000      0xa4e MCAL/extint/extinterrupt.o
 .debug_macro   0x00000000       0x94 MCAL/extint/extinterrupt.o
 .debug_macro   0x00000000       0x22 MCAL/extint/extinterrupt.o
 .debug_macro   0x00000000       0x16 MCAL/extint/extinterrupt.o
 .debug_macro   0x00000000       0x58 MCAL/extint/extinterrupt.o
 .group         0x00000000        0x8 MCAL/pwm_normal_mode/pwm_normal.o
 .group         0x00000000        0x8 MCAL/pwm_normal_mode/pwm_normal.o
 .group         0x00000000        0x8 MCAL/pwm_normal_mode/pwm_normal.o
 .group         0x00000000        0x8 MCAL/pwm_normal_mode/pwm_normal.o
 .group         0x00000000        0x8 MCAL/pwm_normal_mode/pwm_normal.o
 .group         0x00000000        0x8 MCAL/pwm_normal_mode/pwm_normal.o
 .text          0x00000000        0x0 MCAL/pwm_normal_mode/pwm_normal.o
 .data          0x00000000        0x0 MCAL/pwm_normal_mode/pwm_normal.o
 .bss           0x00000000        0x0 MCAL/pwm_normal_mode/pwm_normal.o
 .text.timer2_stop
                0x00000000       0x14 MCAL/pwm_normal_mode/pwm_normal.o
 .debug_macro   0x00000000      0xa4e MCAL/pwm_normal_mode/pwm_normal.o
 .debug_macro   0x00000000       0x94 MCAL/pwm_normal_mode/pwm_normal.o
 .debug_macro   0x00000000       0x16 MCAL/pwm_normal_mode/pwm_normal.o
 .debug_macro   0x00000000       0x22 MCAL/pwm_normal_mode/pwm_normal.o
 .debug_macro   0x00000000       0x82 MCAL/pwm_normal_mode/pwm_normal.o
 .debug_macro   0x00000000       0x64 MCAL/pwm_normal_mode/pwm_normal.o
 .group         0x00000000        0x8 MCAL/timer0/tim0_program.o
 .group         0x00000000        0x8 MCAL/timer0/tim0_program.o
 .group         0x00000000        0x8 MCAL/timer0/tim0_program.o
 .group         0x00000000        0x8 MCAL/timer0/tim0_program.o
 .group         0x00000000        0x8 MCAL/timer0/tim0_program.o
 .group         0x00000000        0x8 MCAL/timer0/tim0_program.o
 .group         0x00000000        0x8 MCAL/timer0/tim0_program.o
 .text          0x00000000        0x0 MCAL/timer0/tim0_program.o
 .data          0x00000000        0x0 MCAL/timer0/tim0_program.o
 .bss           0x00000000        0x0 MCAL/timer0/tim0_program.o
 .text.MTIMER0_voidStopTimer
                0x00000000        0x8 MCAL/timer0/tim0_program.o
 .text.MTIMER0_voidsetCallBackCTC
                0x00000000        0xe MCAL/timer0/tim0_program.o
 .text.MTIMER0_voidSetOCR0Value
                0x00000000        0x4 MCAL/timer0/tim0_program.o
 .debug_macro   0x00000000      0xa4e MCAL/timer0/tim0_program.o
 .debug_macro   0x00000000       0x16 MCAL/timer0/tim0_program.o
 .debug_macro   0x00000000       0x22 MCAL/timer0/tim0_program.o
 .debug_macro   0x00000000       0x94 MCAL/timer0/tim0_program.o
 .debug_macro   0x00000000       0x58 MCAL/timer0/tim0_program.o
 .text          0x00000000        0x0 c:/program files (x86)/atmel/studio/7.0/toolchain/avr8/avr8-gnu-toolchain/bin/../lib/gcc/avr/5.4.0/avr5\libgcc.a(_divmodhi4.o)
 .data          0x00000000        0x0 c:/program files (x86)/atmel/studio/7.0/toolchain/avr8/avr8-gnu-toolchain/bin/../lib/gcc/avr/5.4.0/avr5\libgcc.a(_divmodhi4.o)
 .bss           0x00000000        0x0 c:/program files (x86)/atmel/studio/7.0/toolchain/avr8/avr8-gnu-toolchain/bin/../lib/gcc/avr/5.4.0/avr5\libgcc.a(_divmodhi4.o)
 .text.libgcc.mul
                0x00000000        0x0 c:/program files (x86)/atmel/studio/7.0/toolchain/avr8/avr8-gnu-toolchain/bin/../lib/gcc/avr/5.4.0/avr5\libgcc.a(_divmodhi4.o)
 .text.libgcc   0x00000000        0x0 c:/program files (x86)/atmel/studio/7.0/toolchain/avr8/avr8-gnu-toolchain/bin/../lib/gcc/avr/5.4.0/avr5\libgcc.a(_divmodhi4.o)
 .text.libgcc.prologue
                0x00000000        0x0 c:/program files (x86)/atmel/studio/7.0/toolchain/avr8/avr8-gnu-toolchain/bin/../lib/gcc/avr/5.4.0/avr5\libgcc.a(_divmodhi4.o)
 .text.libgcc.builtins
                0x00000000        0x0 c:/program files (x86)/atmel/studio/7.0/toolchain/avr8/avr8-gnu-toolchain/bin/../lib/gcc/avr/5.4.0/avr5\libgcc.a(_divmodhi4.o)
 .text.libgcc.fmul
                0x00000000        0x0 c:/program files (x86)/atmel/studio/7.0/toolchain/avr8/avr8-gnu-toolchain/bin/../lib/gcc/avr/5.4.0/avr5\libgcc.a(_divmodhi4.o)
 .text.libgcc.fixed
                0x00000000        0x0 c:/program files (x86)/atmel/studio/7.0/toolchain/avr8/avr8-gnu-toolchain/bin/../lib/gcc/avr/5.4.0/avr5\libgcc.a(_divmodhi4.o)
 .text          0x00000000        0x0 c:/program files (x86)/atmel/studio/7.0/toolchain/avr8/avr8-gnu-toolchain/bin/../lib/gcc/avr/5.4.0/avr5\libgcc.a(_exit.o)
 .data          0x00000000        0x0 c:/program files (x86)/atmel/studio/7.0/toolchain/avr8/avr8-gnu-toolchain/bin/../lib/gcc/avr/5.4.0/avr5\libgcc.a(_exit.o)
 .bss           0x00000000        0x0 c:/program files (x86)/atmel/studio/7.0/toolchain/avr8/avr8-gnu-toolchain/bin/../lib/gcc/avr/5.4.0/avr5\libgcc.a(_exit.o)
 .text.libgcc.mul
                0x00000000        0x0 c:/program files (x86)/atmel/studio/7.0/toolchain/avr8/avr8-gnu-toolchain/bin/../lib/gcc/avr/5.4.0/avr5\libgcc.a(_exit.o)
 .text.libgcc.div
                0x00000000        0x0 c:/program files (x86)/atmel/studio/7.0/toolchain/avr8/avr8-gnu-toolchain/bin/../lib/gcc/avr/5.4.0/avr5\libgcc.a(_exit.o)
 .text.libgcc   0x00000000        0x0 c:/program files (x86)/atmel/studio/7.0/toolchain/avr8/avr8-gnu-toolchain/bin/../lib/gcc/avr/5.4.0/avr5\libgcc.a(_exit.o)
 .text.libgcc.prologue
                0x00000000        0x0 c:/program files (x86)/atmel/studio/7.0/toolchain/avr8/avr8-gnu-toolchain/bin/../lib/gcc/avr/5.4.0/avr5\libgcc.a(_exit.o)
 .text.libgcc.builtins
                0x00000000        0x0 c:/program files (x86)/atmel/studio/7.0/toolchain/avr8/avr8-gnu-toolchain/bin/../lib/gcc/avr/5.4.0/avr5\libgcc.a(_exit.o)
 .text.libgcc.fmul
                0x00000000        0x0 c:/program files (x86)/atmel/studio/7.0/toolchain/avr8/avr8-gnu-toolchain/bin/../lib/gcc/avr/5.4.0/avr5\libgcc.a(_exit.o)
 .text.libgcc.fixed
                0x00000000        0x0 c:/program files (x86)/atmel/studio/7.0/toolchain/avr8/avr8-gnu-toolchain/bin/../lib/gcc/avr/5.4.0/avr5\libgcc.a(_exit.o)
 .text          0x00000000        0x0 c:/program files (x86)/atmel/studio/7.0/toolchain/avr8/avr8-gnu-toolchain/bin/../lib/gcc/avr/5.4.0/avr5\libgcc.a(_copy_data.o)
 .data          0x00000000        0x0 c:/program files (x86)/atmel/studio/7.0/toolchain/avr8/avr8-gnu-toolchain/bin/../lib/gcc/avr/5.4.0/avr5\libgcc.a(_copy_data.o)
 .bss           0x00000000        0x0 c:/program files (x86)/atmel/studio/7.0/toolchain/avr8/avr8-gnu-toolchain/bin/../lib/gcc/avr/5.4.0/avr5\libgcc.a(_copy_data.o)
 .text.libgcc.mul
                0x00000000        0x0 c:/program files (x86)/atmel/studio/7.0/toolchain/avr8/avr8-gnu-toolchain/bin/../lib/gcc/avr/5.4.0/avr5\libgcc.a(_copy_data.o)
 .text.libgcc.div
                0x00000000        0x0 c:/program files (x86)/atmel/studio/7.0/toolchain/avr8/avr8-gnu-toolchain/bin/../lib/gcc/avr/5.4.0/avr5\libgcc.a(_copy_data.o)
 .text.libgcc   0x00000000        0x0 c:/program files (x86)/atmel/studio/7.0/toolchain/avr8/avr8-gnu-toolchain/bin/../lib/gcc/avr/5.4.0/avr5\libgcc.a(_copy_data.o)
 .text.libgcc.prologue
                0x00000000        0x0 c:/program files (x86)/atmel/studio/7.0/toolchain/avr8/avr8-gnu-toolchain/bin/../lib/gcc/avr/5.4.0/avr5\libgcc.a(_copy_data.o)
 .text.libgcc.builtins
                0x00000000        0x0 c:/program files (x86)/atmel/studio/7.0/toolchain/avr8/avr8-gnu-toolchain/bin/../lib/gcc/avr/5.4.0/avr5\libgcc.a(_copy_data.o)
 .text.libgcc.fmul
                0x00000000        0x0 c:/program files (x86)/atmel/studio/7.0/toolchain/avr8/avr8-gnu-toolchain/bin/../lib/gcc/avr/5.4.0/avr5\libgcc.a(_copy_data.o)
 .text.libgcc.fixed
                0x00000000        0x0 c:/program files (x86)/atmel/studio/7.0/toolchain/avr8/avr8-gnu-toolchain/bin/../lib/gcc/avr/5.4.0/avr5\libgcc.a(_copy_data.o)
 .text          0x00000000        0x0 c:/program files (x86)/atmel/studio/7.0/toolchain/avr8/avr8-gnu-toolchain/bin/../lib/gcc/avr/5.4.0/avr5\libgcc.a(_clear_bss.o)
 .data          0x00000000        0x0 c:/program files (x86)/atmel/studio/7.0/toolchain/avr8/avr8-gnu-toolchain/bin/../lib/gcc/avr/5.4.0/avr5\libgcc.a(_clear_bss.o)
 .bss           0x00000000        0x0 c:/program files (x86)/atmel/studio/7.0/toolchain/avr8/avr8-gnu-toolchain/bin/../lib/gcc/avr/5.4.0/avr5\libgcc.a(_clear_bss.o)
 .text.libgcc.mul
                0x00000000        0x0 c:/program files (x86)/atmel/studio/7.0/toolchain/avr8/avr8-gnu-toolchain/bin/../lib/gcc/avr/5.4.0/avr5\libgcc.a(_clear_bss.o)
 .text.libgcc.div
                0x00000000        0x0 c:/program files (x86)/atmel/studio/7.0/toolchain/avr8/avr8-gnu-toolchain/bin/../lib/gcc/avr/5.4.0/avr5\libgcc.a(_clear_bss.o)
 .text.libgcc   0x00000000        0x0 c:/program files (x86)/atmel/studio/7.0/toolchain/avr8/avr8-gnu-toolchain/bin/../lib/gcc/avr/5.4.0/avr5\libgcc.a(_clear_bss.o)
 .text.libgcc.prologue
                0x00000000        0x0 c:/program files (x86)/atmel/studio/7.0/toolchain/avr8/avr8-gnu-toolchain/bin/../lib/gcc/avr/5.4.0/avr5\libgcc.a(_clear_bss.o)
 .text.libgcc.builtins
                0x00000000        0x0 c:/program files (x86)/atmel/studio/7.0/toolchain/avr8/avr8-gnu-toolchain/bin/../lib/gcc/avr/5.4.0/avr5\libgcc.a(_clear_bss.o)
 .text.libgcc.fmul
                0x00000000        0x0 c:/program files (x86)/atmel/studio/7.0/toolchain/avr8/avr8-gnu-toolchain/bin/../lib/gcc/avr/5.4.0/avr5\libgcc.a(_clear_bss.o)
 .text.libgcc.fixed
                0x00000000        0x0 c:/program files (x86)/atmel/studio/7.0/toolchain/avr8/avr8-gnu-toolchain/bin/../lib/gcc/avr/5.4.0/avr5\libgcc.a(_clear_bss.o)
 .text          0x00000000        0x0 c:/program files (x86)/atmel/studio/7.0/toolchain/avr8/avr8-gnu-toolchain/bin/../lib/gcc/avr/5.4.0/avr5\libgcc.a(_udivmodhi4.o)
 .data          0x00000000        0x0 c:/program files (x86)/atmel/studio/7.0/toolchain/avr8/avr8-gnu-toolchain/bin/../lib/gcc/avr/5.4.0/avr5\libgcc.a(_udivmodhi4.o)
 .bss           0x00000000        0x0 c:/program files (x86)/atmel/studio/7.0/toolchain/avr8/avr8-gnu-toolchain/bin/../lib/gcc/avr/5.4.0/avr5\libgcc.a(_udivmodhi4.o)
 .text.libgcc.mul
                0x00000000        0x0 c:/program files (x86)/atmel/studio/7.0/toolchain/avr8/avr8-gnu-toolchain/bin/../lib/gcc/avr/5.4.0/avr5\libgcc.a(_udivmodhi4.o)
 .text.libgcc   0x00000000        0x0 c:/program files (x86)/atmel/studio/7.0/toolchain/avr8/avr8-gnu-toolchain/bin/../lib/gcc/avr/5.4.0/avr5\libgcc.a(_udivmodhi4.o)
 .text.libgcc.prologue
                0x00000000        0x0 c:/program files (x86)/atmel/studio/7.0/toolchain/avr8/avr8-gnu-toolchain/bin/../lib/gcc/avr/5.4.0/avr5\libgcc.a(_udivmodhi4.o)
 .text.libgcc.builtins
                0x00000000        0x0 c:/program files (x86)/atmel/studio/7.0/toolchain/avr8/avr8-gnu-toolchain/bin/../lib/gcc/avr/5.4.0/avr5\libgcc.a(_udivmodhi4.o)
 .text.libgcc.fmul
                0x00000000        0x0 c:/program files (x86)/atmel/studio/7.0/toolchain/avr8/avr8-gnu-toolchain/bin/../lib/gcc/avr/5.4.0/avr5\libgcc.a(_udivmodhi4.o)
 .text.libgcc.fixed
                0x00000000        0x0 c:/program files (x86)/atmel/studio/7.0/toolchain/avr8/avr8-gnu-toolchain/bin/../lib/gcc/avr/5.4.0/avr5\libgcc.a(_udivmodhi4.o)

Memory Configuration

Name             Origin             Length             Attributes
text             0x00000000         0x00008000         xr
data             0x00800060         0x00000800         rw !x
eeprom           0x00810000         0x00000400         rw !x
fuse             0x00820000         0x00000002         rw !x
lock             0x00830000         0x00000400         rw !x
signature        0x00840000         0x00000400         rw !x
user_signatures  0x00850000         0x00000400         rw !x
*default*        0x00000000         0xffffffff

Linker script and memory map

LOAD C:/Program Files (x86)/Atmel/Studio/7.0/Packs/atmel/ATmega_DFP/1.7.374/gcc/dev/atmega32a/avr5/crtatmega32a.o
LOAD APP/app.o
LOAD ECUAL/button/pb_prog.o
LOAD ECUAL/h_ext_int/h_ext_int.o
LOAD ECUAL/h_pwm_normal/h_pwm_normal.o
LOAD ECUAL/led/led_prog.o
LOAD ECUAL/motor/motor.o
LOAD main.o
LOAD MCAL/dio/dio_prog.o
LOAD MCAL/extint/extinterrupt.o
LOAD MCAL/pwm_normal_mode/pwm_normal.o
LOAD MCAL/timer0/tim0_program.o
START GROUP
LOAD c:/program files (x86)/atmel/studio/7.0/toolchain/avr8/avr8-gnu-toolchain/bin/../lib/gcc/avr/5.4.0/../../../../avr/lib/avr5\libm.a
END GROUP
START GROUP
LOAD c:/program files (x86)/atmel/studio/7.0/toolchain/avr8/avr8-gnu-toolchain/bin/../lib/gcc/avr/5.4.0/avr5\libgcc.a
LOAD c:/program files (x86)/atmel/studio/7.0/toolchain/avr8/avr8-gnu-toolchain/bin/../lib/gcc/avr/5.4.0/../../../../avr/lib/avr5\libm.a
LOAD c:/program files (x86)/atmel/studio/7.0/toolchain/avr8/avr8-gnu-toolchain/bin/../lib/gcc/avr/5.4.0/../../../../avr/lib/avr5\libc.a
LOAD C:/Program Files (x86)/Atmel/Studio/7.0/Packs/atmel/ATmega_DFP/1.7.374/gcc/dev/atmega32a/avr5\libatmega32a.a
END GROUP
                [0x00000000]                __TEXT_REGION_ORIGIN__ = DEFINED (__TEXT_REGION_ORIGIN__)?__TEXT_REGION_ORIGIN__:0x0
                [0x00800060]                __DATA_REGION_ORIGIN__ = DEFINED (__DATA_REGION_ORIGIN__)?__DATA_REGION_ORIGIN__:0x800060
                [0x00008000]                __TEXT_REGION_LENGTH__ = DEFINED (__TEXT_REGION_LENGTH__)?__TEXT_REGION_LENGTH__:0x20000
                [0x00000800]                __DATA_REGION_LENGTH__ = DEFINED (__DATA_REGION_LENGTH__)?__DATA_REGION_LENGTH__:0xffa0
                [0x00000400]                __EEPROM_REGION_LENGTH__ = DEFINED (__EEPROM_REGION_LENGTH__)?__EEPROM_REGION_LENGTH__:0x10000
                [0x00000002]                __FUSE_REGION_LENGTH__ = DEFINED (__FUSE_REGION_LENGTH__)?__FUSE_REGION_LENGTH__:0x400
                0x00000400                __LOCK_REGION_LENGTH__ = DEFINED (__LOCK_REGION_LENGTH__)?__LOCK_REGION_LENGTH__:0x400
                0x00000400                __SIGNATURE_REGION_LENGTH__ = DEFINED (__SIGNATURE_REGION_LENGTH__)?__SIGNATURE_REGION_LENGTH__:0x400
                0x00000400                __USER_SIGNATURE_REGION_LENGTH__ = DEFINED (__USER_SIGNATURE_REGION_LENGTH__)?__USER_SIGNATURE_REGION_LENGTH__:0x400

.hash
 *(.hash)

.dynsym
 *(.dynsym)

.dynstr
 *(.dynstr)

.gnu.version
 *(.gnu.version)

.gnu.version_d
 *(.gnu.version_d)

.gnu.version_r
 *(.gnu.version_r)

.rel.init
 *(.rel.init)

.rela.init
 *(.rela.init)

.rel.text
 *(.rel.text)
 *(.rel.text.*)
 *(.rel.gnu.linkonce.t*)

.rela.text
 *(.rela.text)
 *(.rela.text.*)
 *(.rela.gnu.linkonce.t*)

.rel.fini
 *(.rel.fini)

.rela.fini
 *(.rela.fini)

.rel.rodata
 *(.rel.rodata)
 *(.rel.rodata.*)
 *(.rel.gnu.linkonce.r*)

.rela.rodata
 *(.rela.rodata)
 *(.rela.rodata.*)
 *(.rela.gnu.linkonce.r*)

.rel.data
 *(.rel.data)
 *(.rel.data.*)
 *(.rel.gnu.linkonce.d*)

.rela.data
 *(.rela.data)
 *(.rela.data.*)
 *(.rela.gnu.linkonce.d*)

.rel.ctors
 *(.rel.ctors)

.rela.ctors
 *(.rela.ctors)

.rel.dtors
 *(.rel.dtors)

.rela.dtors
 *(.rela.dtors)

.rel.got
 *(.rel.got)

.rela.got
 *(.rela.got)

.rel.bss
 *(.rel.bss)

.rela.bss
 *(.rela.bss)

.rel.plt
 *(.rel.plt)

.rela.plt
 *(.rela.plt)

.text           0x00000000      0xad2
 *(.vectors)
 .vectors       0x00000000       0x54 C:/Program Files (x86)/Atmel/Studio/7.0/Packs/atmel/ATmega_DFP/1.7.374/gcc/dev/atmega32a/avr5/crtatmega32a.o
                0x00000000                __vector_default
                0x00000000                __vectors
 *(.vectors)
 *(.progmem.gcc*)
                0x00000054                . = ALIGN (0x2)
                0x00000054                __trampolines_start = .
 *(.trampolines)
 .trampolines   0x00000054        0x0 linker stubs
 *(.trampolines*)
                0x00000054                __trampolines_end = .
 *libprintf_flt.a:*(.progmem.data)
 *libc.a:*(.progmem.data)
 *(.progmem*)
                0x00000054                . = ALIGN (0x2)
 *(.jumptables)
 *(.jumptables*)
 *(.lowtext)
 *(.lowtext*)
                0x00000054                __ctors_start = .
 *(.ctors)
                0x00000054                __ctors_end = .
                0x00000054                __dtors_start = .
 *(.dtors)
                0x00000054                __dtors_end = .
 SORT(*)(.ctors)
 SORT(*)(.dtors)
 *(.init0)
 .init0         0x00000054        0x0 C:/Program Files (x86)/Atmel/Studio/7.0/Packs/atmel/ATmega_DFP/1.7.374/gcc/dev/atmega32a/avr5/crtatmega32a.o
                0x00000054                __init
 *(.init0)
 *(.init1)
 *(.init1)
 *(.init2)
 .init2         0x00000054        0xc C:/Program Files (x86)/Atmel/Studio/7.0/Packs/atmel/ATmega_DFP/1.7.374/gcc/dev/atmega32a/avr5/crtatmega32a.o
 *(.init2)
 *(.init3)
 *(.init3)
 *(.init4)
 .init4         0x00000060       0x16 c:/program files (x86)/atmel/studio/7.0/toolchain/avr8/avr8-gnu-toolchain/bin/../lib/gcc/avr/5.4.0/avr5\libgcc.a(_copy_data.o)
                0x00000060                __do_copy_data
 .init4         0x00000076       0x10 c:/program files (x86)/atmel/studio/7.0/toolchain/avr8/avr8-gnu-toolchain/bin/../lib/gcc/avr/5.4.0/avr5\libgcc.a(_clear_bss.o)
                0x00000076                __do_clear_bss
 *(.init4)
 *(.init5)
 *(.init5)
 *(.init6)
 *(.init6)
 *(.init7)
 *(.init7)
 *(.init8)
 *(.init8)
 *(.init9)
 .init9         0x00000086        0x4 C:/Program Files (x86)/Atmel/Studio/7.0/Packs/atmel/ATmega_DFP/1.7.374/gcc/dev/atmega32a/avr5/crtatmega32a.o
 *(.init9)
 *(.text)
 .text          0x0000008a        0x2 C:/Program Files (x86)/Atmel/Studio/7.0/Packs/atmel/ATmega_DFP/1.7.374/gcc/dev/atmega32a/avr5/crtatmega32a.o
                0x0000008a                __vector_12
                0x0000008a                __bad_interrupt
                0x0000008a                __vector_6
                0x0000008a                __vector_13
                0x0000008a                __vector_17
                0x0000008a                __vector_19
                0x0000008a                __vector_7
                0x0000008a                __vector_4
                0x0000008a                __vector_9
                0x0000008a                __vector_15
                0x0000008a                __vector_8
                0x0000008a                __vector_14
                0x0000008a                __vector_16
                0x0000008a                __vector_18
                0x0000008a                __vector_20
                0x0000008c                . = ALIGN (0x2)
 *(.text.*)
 .text.button0Callback
                0x0000008c        0x6 APP/app.o
                0x0000008c                button0Callback
 .text.button1Callback
                0x00000092       0x10 APP/app.o
                0x00000092                button1Callback
 .text.start_state
                0x000000a2       0x3a APP/app.o
                0x000000a2                start_state
 .text.stop     0x000000dc       0x3c APP/app.o
                0x000000dc                stop
 .text.long_side
                0x00000118       0x66 APP/app.o
                0x00000118                long_side
 .text.short_side
                0x0000017e       0x66 APP/app.o
                0x0000017e                short_side
 .text.initCar  0x000001e4       0x34 APP/app.o
                0x000001e4                initCar
 .text.carApp   0x00000218       0x7e APP/app.o
                0x00000218                carApp
 .text.HPushButtonOn_init
                0x00000296       0x26 ECUAL/button/pb_prog.o
                0x00000296                HPushButtonOn_init
 .text.H_EXTINT_create
                0x000002bc       0x2c ECUAL/h_ext_int/h_ext_int.o
                0x000002bc                H_EXTINT_create
 .text.H_PWM_NORMAL_init
                0x000002e8        0x4 ECUAL/h_pwm_normal/h_pwm_normal.o
                0x000002e8                H_PWM_NORMAL_init
 .text.H_PWM_NORMAL_setDutyCycle
                0x000002ec        0x6 ECUAL/h_pwm_normal/h_pwm_normal.o
                0x000002ec                H_PWM_NORMAL_setDutyCycle
 .text.HLED_ledInit
                0x000002f2       0x3c ECUAL/led/led_prog.o
                0x000002f2                HLED_ledInit
 .text.HLED_ledOn
                0x0000032e       0x3c ECUAL/led/led_prog.o
                0x0000032e                HLED_ledOn
 .text.HLED_ledOff
                0x0000036a       0x3c ECUAL/led/led_prog.o
                0x0000036a                HLED_ledOff
 .text.HDCMotor_init
                0x000003a6       0x22 ECUAL/motor/motor.o
                0x000003a6                HDCMotor_init
 .text.HDCMOTOR_startForward
                0x000003c8       0x22 ECUAL/motor/motor.o
                0x000003c8                HDCMOTOR_startForward
 .text.HDCMOTOR_stop
                0x000003ea       0x22 ECUAL/motor/motor.o
                0x000003ea                HDCMOTOR_stop
 .text.HDCMOTOR_Rotate
                0x0000040c       0x22 ECUAL/motor/motor.o
                0x0000040c                HDCMOTOR_Rotate
 .text.main     0x0000042e        0x6 main.o
                0x0000042e                main
 .text.MDIO_voidSetPinDirection
                0x00000434       0xf2 MCAL/dio/dio_prog.o
                0x00000434                MDIO_voidSetPinDirection
 .text.MDIO_voidSetPinValue
                0x00000526       0xf2 MCAL/dio/dio_prog.o
                0x00000526                MDIO_voidSetPinValue
 .text.MDIO_VoidSetPullupResistor
                0x00000618       0x68 MCAL/dio/dio_prog.o
                0x00000618                MDIO_VoidSetPullupResistor
 .text.EXTINT_init
                0x00000680       0xee MCAL/extint/extinterrupt.o
                0x00000680                EXTINT_init
 .text.EXTINT_CallBack
                0x0000076e       0x32 MCAL/extint/extinterrupt.o
                0x0000076e                EXTINT_CallBack
 .text.__vector_1
                0x000007a0       0x52 MCAL/extint/extinterrupt.o
                0x000007a0                __vector_1
 .text.__vector_2
                0x000007f2       0x52 MCAL/extint/extinterrupt.o
                0x000007f2                __vector_2
 .text.__vector_3
                0x00000844       0x52 MCAL/extint/extinterrupt.o
                0x00000844                __vector_3
 .text.timer2_init
                0x00000896        0xc MCAL/pwm_normal_mode/pwm_normal.o
                0x00000896                timer2_init
 .text.timer2_start
                0x000008a2       0x14 MCAL/pwm_normal_mode/pwm_normal.o
                0x000008a2                timer2_start
 .text.timer2_set_pwm_normal
                0x000008b6       0x2c MCAL/pwm_normal_mode/pwm_normal.o
                0x000008b6                timer2_set_pwm_normal
 .text.__vector_5
                0x000008e2       0xbc MCAL/pwm_normal_mode/pwm_normal.o
                0x000008e2                __vector_5
 .text.MTIMER0_voidInit
                0x0000099e       0x2c MCAL/timer0/tim0_program.o
                0x0000099e                MTIMER0_voidInit
 .text.MTIMER0_voidsetCallBackOVF
                0x000009ca        0xe MCAL/timer0/tim0_program.o
                0x000009ca                MTIMER0_voidsetCallBackOVF
 .text.MTIMER0_voidSetPreloadValue
                0x000009d8        0x4 MCAL/timer0/tim0_program.o
                0x000009d8                MTIMER0_voidSetPreloadValue
 .text.__vector_11
                0x000009dc       0x52 MCAL/timer0/tim0_program.o
                0x000009dc                __vector_11
 .text.__vector_10
                0x00000a2e       0x52 MCAL/timer0/tim0_program.o
                0x00000a2e                __vector_10
 .text.libgcc.div
                0x00000a80       0x26 c:/program files (x86)/atmel/studio/7.0/toolchain/avr8/avr8-gnu-toolchain/bin/../lib/gcc/avr/5.4.0/avr5\libgcc.a(_divmodhi4.o)
                0x00000a80                _div
                0x00000a80                __divmodhi4
 .text.libgcc.div
                0x00000aa6       0x28 c:/program files (x86)/atmel/studio/7.0/toolchain/avr8/avr8-gnu-toolchain/bin/../lib/gcc/avr/5.4.0/avr5\libgcc.a(_udivmodhi4.o)
                0x00000aa6                __udivmodhi4
                0x00000ace                . = ALIGN (0x2)
 *(.fini9)
 .fini9         0x00000ace        0x0 c:/program files (x86)/atmel/studio/7.0/toolchain/avr8/avr8-gnu-toolchain/bin/../lib/gcc/avr/5.4.0/avr5\libgcc.a(_exit.o)
                0x00000ace                _exit
                0x00000ace                exit
 *(.fini9)
 *(.fini8)
 *(.fini8)
 *(.fini7)
 *(.fini7)
 *(.fini6)
 *(.fini6)
 *(.fini5)
 *(.fini5)
 *(.fini4)
 *(.fini4)
 *(.fini3)
 *(.fini3)
 *(.fini2)
 *(.fini2)
 *(.fini1)
 *(.fini1)
 *(.fini0)
 .fini0         0x00000ace        0x4 c:/program files (x86)/atmel/studio/7.0/toolchain/avr8/avr8-gnu-toolchain/bin/../lib/gcc/avr/5.4.0/avr5\libgcc.a(_exit.o)
 *(.fini0)
                0x00000ad2                _etext = .

.data           0x00800060        0x2 load address 0x00000ad2
                0x00800060                PROVIDE (__data_start, .)
 *(.data)
 *(.data*)
 .data.u8_gs_nextSide
                0x00800060        0x1 APP/app.o
 *(.gnu.linkonce.d*)
 *(.rodata)
 *(.rodata*)
 *(.gnu.linkonce.r*)
                0x00800062                . = ALIGN (0x2)
 *fill*         0x00800061        0x1 
                0x00800062                _edata = .
                0x00800062                PROVIDE (__data_end, .)

.bss            0x00800062       0x18
                0x00800062                PROVIDE (__bss_start, .)
 *(.bss)
 *(.bss*)
 .bss.short_side_timer.1728
                0x00800062        0x2 APP/app.o
 .bss.stop_timer.1724
                0x00800064        0x2 APP/app.o
 .bss.long_side_timer.1720
                0x00800066        0x2 APP/app.o
 .bss.start_timer.1716
                0x00800068        0x2 APP/app.o
 .bss.ptrINT2   0x0080006a        0x2 MCAL/extint/extinterrupt.o
                0x0080006a                ptrINT2
 .bss.ptrINT1   0x0080006c        0x2 MCAL/extint/extinterrupt.o
                0x0080006c                ptrINT1
 .bss.ptrINT0   0x0080006e        0x2 MCAL/extint/extinterrupt.o
                0x0080006e                ptrINT0
 .bss.comp_VAL  0x00800070        0x1 MCAL/pwm_normal_mode/pwm_normal.o
                0x00800070                comp_VAL
 .bss.FLAG_OVF  0x00800071        0x4 MCAL/pwm_normal_mode/pwm_normal.o
                0x00800071                FLAG_OVF
 .bss.TIMER0_CTC_CallBack
                0x00800075        0x2 MCAL/timer0/tim0_program.o
                0x00800075                TIMER0_CTC_CallBack
 .bss.TIMER0_OVF_CallBack
                0x00800077        0x2 MCAL/timer0/tim0_program.o
                0x00800077                TIMER0_OVF_CallBack
 *(COMMON)
 COMMON         0x00800079        0x1 APP/app.o
                0x00800079                u8_g_state
                0x0080007a                PROVIDE (__bss_end, .)
                0x00000ad2                __data_load_start = LOADADDR (.data)
                0x00000ad4                __data_load_end = (__data_load_start + SIZEOF (.data))

.noinit         0x0080007a        0x0
                [!provide]                PROVIDE (__noinit_start, .)
 *(.noinit*)
                [!provide]                PROVIDE (__noinit_end, .)
                0x0080007a                _end = .
                [!provide]                PROVIDE (__heap_start, .)

.eeprom         0x00810000        0x0
 *(.eeprom*)
                0x00810000                __eeprom_end = .

.fuse
 *(.fuse)
 *(.lfuse)
 *(.hfuse)
 *(.efuse)

.lock
 *(.lock*)

.signature
 *(.signature*)

.user_signatures
 *(.user_signatures*)

.stab
 *(.stab)

.stabstr
 *(.stabstr)

.stab.excl
 *(.stab.excl)

.stab.exclstr
 *(.stab.exclstr)

.stab.index
 *(.stab.index)

.stab.indexstr
 *(.stab.indexstr)

.comment        0x00000000       0x30
 *(.comment)
 .comment       0x00000000       0x30 APP/app.o
                                 0x31 (size before relaxing)
 .comment       0x00000030       0x31 ECUAL/button/pb_prog.o
 .comment       0x00000030       0x31 ECUAL/h_ext_int/h_ext_int.o
 .comment       0x00000030       0x31 ECUAL/h_pwm_normal/h_pwm_normal.o
 .comment       0x00000030       0x31 ECUAL/led/led_prog.o
 .comment       0x00000030       0x31 ECUAL/motor/motor.o
 .comment       0x00000030       0x31 main.o
 .comment       0x00000030       0x31 MCAL/dio/dio_prog.o
 .comment       0x00000030       0x31 MCAL/extint/extinterrupt.o
 .comment       0x00000030       0x31 MCAL/pwm_normal_mode/pwm_normal.o
 .comment       0x00000030       0x31 MCAL/timer0/tim0_program.o

.note.gnu.avr.deviceinfo
                0x00000000       0x3c
 .note.gnu.avr.deviceinfo
                0x00000000       0x3c C:/Program Files (x86)/Atmel/Studio/7.0/Packs/atmel/ATmega_DFP/1.7.374/gcc/dev/atmega32a/avr5/crtatmega32a.o

.note.gnu.build-id
 *(.note.gnu.build-id)

.debug
 *(.debug)

.line
 *(.line)

.debug_srcinfo
 *(.debug_srcinfo)

.debug_sfnames
 *(.debug_sfnames)

.debug_aranges  0x00000000      0x290
 *(.debug_aranges)
 .debug_aranges
                0x00000000       0x58 APP/app.o
 .debug_aranges
                0x00000058       0x28 ECUAL/button/pb_prog.o
 .debug_aranges
                0x00000080       0x20 ECUAL/h_ext_int/h_ext_int.o
 .debug_aranges
                0x000000a0       0x30 ECUAL/h_pwm_normal/h_pwm_normal.o
 .debug_aranges
                0x000000d0       0x30 ECUAL/led/led_prog.o
 .debug_aranges
                0x00000100       0x38 ECUAL/motor/motor.o
 .debug_aranges
                0x00000138       0x20 main.o
 .debug_aranges
                0x00000158       0x58 MCAL/dio/dio_prog.o
 .debug_aranges
                0x000001b0       0x48 MCAL/extint/extinterrupt.o
 .debug_aranges
                0x000001f8       0x40 MCAL/pwm_normal_mode/pwm_normal.o
 .debug_aranges
                0x00000238       0x58 MCAL/timer0/tim0_program.o

.debug_pubnames
 *(.debug_pubnames)

.debug_info     0x00000000     0x1f5e
 *(.debug_info .gnu.linkonce.wi.*)
 .debug_info    0x00000000      0x4e6 C:/Program Files (x86)/Atmel/Studio/7.0/Packs/atmel/ATmega_DFP/1.7.374/gcc/dev/atmega32a/avr5/crtatmega32a.o
 .debug_info    0x000004e6      0x69d APP/app.o
 .debug_info    0x00000b83      0x294 ECUAL/button/pb_prog.o
 .debug_info    0x00000e17      0x194 ECUAL/h_ext_int/h_ext_int.o
 .debug_info    0x00000fab      0x134 ECUAL/h_pwm_normal/h_pwm_normal.o
 .debug_info    0x000010df      0x258 ECUAL/led/led_prog.o
 .debug_info    0x00001337      0x2ac ECUAL/motor/motor.o
 .debug_info    0x000015e3       0xb9 main.o
 .debug_info    0x0000169c      0x259 MCAL/dio/dio_prog.o
 .debug_info    0x000018f5      0x2e5 MCAL/extint/extinterrupt.o
 .debug_info    0x00001bda      0x1e6 MCAL/pwm_normal_mode/pwm_normal.o
 .debug_info    0x00001dc0      0x19e MCAL/timer0/tim0_program.o

.debug_abbrev   0x00000000      0xd2a
 *(.debug_abbrev)
 .debug_abbrev  0x00000000      0x4a3 C:/Program Files (x86)/Atmel/Studio/7.0/Packs/atmel/ATmega_DFP/1.7.374/gcc/dev/atmega32a/avr5/crtatmega32a.o
 .debug_abbrev  0x000004a3      0x107 APP/app.o
 .debug_abbrev  0x000005aa      0x13b ECUAL/button/pb_prog.o
 .debug_abbrev  0x000006e5       0xbc ECUAL/h_ext_int/h_ext_int.o
 .debug_abbrev  0x000007a1       0x90 ECUAL/h_pwm_normal/h_pwm_normal.o
 .debug_abbrev  0x00000831       0x90 ECUAL/led/led_prog.o
 .debug_abbrev  0x000008c1       0x74 ECUAL/motor/motor.o
 .debug_abbrev  0x00000935       0x6b main.o
 .debug_abbrev  0x000009a0       0xf5 MCAL/dio/dio_prog.o
 .debug_abbrev  0x00000a95      0x131 MCAL/extint/extinterrupt.o
 .debug_abbrev  0x00000bc6       0xb9 MCAL/pwm_normal_mode/pwm_normal.o
 .debug_abbrev  0x00000c7f       0xab MCAL/timer0/tim0_program.o

.debug_line     0x00000000     0x1c3b
 *(.debug_line .debug_line.* .debug_line_end)
 .debug_line    0x00000000      0x116 C:/Program Files (x86)/Atmel/Studio/7.0/Packs/atmel/ATmega_DFP/1.7.374/gcc/dev/atmega32a/avr5/crtatmega32a.o
 .debug_line    0x00000116      0x503 APP/app.o
 .debug_line    0x00000619      0x2ee ECUAL/button/pb_prog.o
 .debug_line    0x00000907      0x122 ECUAL/h_ext_int/h_ext_int.o
 .debug_line    0x00000a29      0x187 ECUAL/h_pwm_normal/h_pwm_normal.o
 .debug_line    0x00000bb0      0x1b7 ECUAL/led/led_prog.o
 .debug_line    0x00000d67      0x181 ECUAL/motor/motor.o
 .debug_line    0x00000ee8      0x2e9 main.o
 .debug_line    0x000011d1      0x359 MCAL/dio/dio_prog.o
 .debug_line    0x0000152a      0x2c9 MCAL/extint/extinterrupt.o
 .debug_line    0x000017f3      0x20e MCAL/pwm_normal_mode/pwm_normal.o
 .debug_line    0x00001a01      0x23a MCAL/timer0/tim0_program.o

.debug_frame    0x00000000      0x5bc
 *(.debug_frame)
 .debug_frame   0x00000000       0x94 APP/app.o
 .debug_frame   0x00000094       0x3c ECUAL/button/pb_prog.o
 .debug_frame   0x000000d0       0x34 ECUAL/h_ext_int/h_ext_int.o
 .debug_frame   0x00000104       0x44 ECUAL/h_pwm_normal/h_pwm_normal.o
 .debug_frame   0x00000148       0x44 ECUAL/led/led_prog.o
 .debug_frame   0x0000018c       0x54 ECUAL/motor/motor.o
 .debug_frame   0x000001e0       0x24 main.o
 .debug_frame   0x00000204       0x94 MCAL/dio/dio_prog.o
 .debug_frame   0x00000298      0x14c MCAL/extint/extinterrupt.o
 .debug_frame   0x000003e4       0xb4 MCAL/pwm_normal_mode/pwm_normal.o
 .debug_frame   0x00000498      0x124 MCAL/timer0/tim0_program.o

.debug_str      0x00000000     0x5068
 *(.debug_str)
 .debug_str     0x00000000      0x196 C:/Program Files (x86)/Atmel/Studio/7.0/Packs/atmel/ATmega_DFP/1.7.374/gcc/dev/atmega32a/avr5/crtatmega32a.o
 .debug_str     0x00000196     0x35e8 APP/app.o
                               0x3637 (size before relaxing)
 .debug_str     0x0000377e     0x11c4 ECUAL/button/pb_prog.o
                               0x3fc6 (size before relaxing)
 .debug_str     0x00004942       0x7a ECUAL/h_ext_int/h_ext_int.o
                               0x30f3 (size before relaxing)
 .debug_str     0x000049bc       0x72 ECUAL/h_pwm_normal/h_pwm_normal.o
                               0x31b2 (size before relaxing)
 .debug_str     0x00004a2e       0x4a ECUAL/led/led_prog.o
                               0x2e2f (size before relaxing)
 .debug_str     0x00004a78       0x17 ECUAL/motor/motor.o
                               0x2eae (size before relaxing)
 .debug_str     0x00004a8f       0x11 main.o
                               0x33e5 (size before relaxing)
 .debug_str     0x00004aa0      0x252 MCAL/dio/dio_prog.o
                               0x2ffa (size before relaxing)
 .debug_str     0x00004cf2       0x68 MCAL/extint/extinterrupt.o
                               0x3145 (size before relaxing)
 .debug_str     0x00004d5a       0x43 MCAL/pwm_normal_mode/pwm_normal.o
                               0x31b0 (size before relaxing)
 .debug_str     0x00004d9d      0x2cb MCAL/timer0/tim0_program.o
                               0x3340 (size before relaxing)

.debug_loc      0x00000000      0xf83
 *(.debug_loc)
 .debug_loc     0x00000000      0x197 ECUAL/button/pb_prog.o
 .debug_loc     0x00000197       0xbf ECUAL/h_ext_int/h_ext_int.o
 .debug_loc     0x00000256       0x21 ECUAL/h_pwm_normal/h_pwm_normal.o
 .debug_loc     0x00000277      0x144 ECUAL/led/led_prog.o
 .debug_loc     0x000003bb      0x478 MCAL/dio/dio_prog.o
 .debug_loc     0x00000833      0x4a4 MCAL/extint/extinterrupt.o
 .debug_loc     0x00000cd7      0x116 MCAL/pwm_normal_mode/pwm_normal.o
 .debug_loc     0x00000ded      0x196 MCAL/timer0/tim0_program.o

.debug_macinfo
 *(.debug_macinfo)

.debug_weaknames
 *(.debug_weaknames)

.debug_funcnames
 *(.debug_funcnames)

.debug_typenames
 *(.debug_typenames)

.debug_varnames
 *(.debug_varnames)

.debug_pubtypes
 *(.debug_pubtypes)

.debug_ranges   0x00000000      0x1e0
 *(.debug_ranges)
 .debug_ranges  0x00000000       0x48 APP/app.o
 .debug_ranges  0x00000048       0x18 ECUAL/button/pb_prog.o
 .debug_ranges  0x00000060       0x10 ECUAL/h_ext_int/h_ext_int.o
 .debug_ranges  0x00000070       0x20 ECUAL/h_pwm_normal/h_pwm_normal.o
 .debug_ranges  0x00000090       0x20 ECUAL/led/led_prog.o
 .debug_ranges  0x000000b0       0x28 ECUAL/motor/motor.o
 .debug_ranges  0x000000d8       0x10 main.o
 .debug_ranges  0x000000e8       0x48 MCAL/dio/dio_prog.o
 .debug_ranges  0x00000130       0x38 MCAL/extint/extinterrupt.o
 .debug_ranges  0x00000168       0x30 MCAL/pwm_normal_mode/pwm_normal.o
 .debug_ranges  0x00000198       0x48 MCAL/timer0/tim0_program.o

.debug_macro    0x00000000     0x1884
 *(.debug_macro)
 .debug_macro   0x00000000       0xae APP/app.o
 .debug_macro   0x000000ae      0xa4e APP/app.o
 .debug_macro   0x00000afc       0x94 APP/app.o
 .debug_macro   0x00000b90       0x16 APP/app.o
 .debug_macro   0x00000ba6       0x22 APP/app.o
 .debug_macro   0x00000bc8       0x82 APP/app.o
 .debug_macro   0x00000c4a       0x64 APP/app.o
 .debug_macro   0x00000cae       0x58 APP/app.o
 .debug_macro   0x00000d06       0x2e APP/app.o
 .debug_macro   0x00000d34       0x2e APP/app.o
 .debug_macro   0x00000d62       0x46 APP/app.o
 .debug_macro   0x00000da8       0x87 ECUAL/button/pb_prog.o
 .debug_macro   0x00000e2f       0x16 ECUAL/button/pb_prog.o
 .debug_macro   0x00000e45       0x22 ECUAL/button/pb_prog.o
 .debug_macro   0x00000e67       0x10 ECUAL/button/pb_prog.o
 .debug_macro   0x00000e77      0x1c9 ECUAL/button/pb_prog.o
 .debug_macro   0x00001040      0x2fc ECUAL/button/pb_prog.o
 .debug_macro   0x0000133c      0x166 ECUAL/button/pb_prog.o
 .debug_macro   0x000014a2       0x49 ECUAL/h_ext_int/h_ext_int.o
 .debug_macro   0x000014eb       0x56 ECUAL/h_pwm_normal/h_pwm_normal.o
 .debug_macro   0x00001541       0x43 ECUAL/led/led_prog.o
 .debug_macro   0x00001584       0x39 ECUAL/motor/motor.o
 .debug_macro   0x000015bd       0xb6 main.o
 .debug_macro   0x00001673       0x3f MCAL/dio/dio_prog.o
 .debug_macro   0x000016b2       0x52 MCAL/dio/dio_prog.o
 .debug_macro   0x00001704       0x3f MCAL/extint/extinterrupt.o
 .debug_macro   0x00001743       0x4c MCAL/pwm_normal_mode/pwm_normal.o
 .debug_macro   0x0000178f       0x63 MCAL/timer0/tim0_program.o
 .debug_macro   0x000017f2       0x28 MCAL/timer0/tim0_program.o
 .debug_macro   0x0000181a       0x6a MCAL/timer0/tim0_program.o
OUTPUT(Car_Project.elf elf32-avr)
LOAD linker stubs
